// Jest Snapshot v1, https://goo.gl/fbAQLP

exports[`src/breadcrumbs/index.jsx <BreadCrumbs /> should render and match snapshot 1`] = `
ShallowWrapper {
  Symbol(enzyme.__root__): [Circular],
  Symbol(enzyme.__unrendered__): <BreadCrumbs
    breadCrumbs={
      Array [
        Object {
          "active": true,
          "name": "test",
        },
      ]
    }
  />,
  Symbol(enzyme.__renderer__): Object {
    "batchedUpdates": [Function],
    "checkPropTypes": [Function],
    "getNode": [Function],
    "render": [Function],
    "simulateError": [Function],
    "simulateEvent": [Function],
    "unmount": [Function],
  },
  Symbol(enzyme.__node__): Object {
    "instance": null,
    "key": undefined,
    "nodeType": "function",
    "props": Object {
      "aria-label": "breadcrumb",
      "children": Array [
        <BreadcrumbItem
          active={true}
          tag="li"
        >
          test
        </BreadcrumbItem>,
      ],
      "className": "breadcrumbs-wrapper",
      "listTag": "ol",
      "tag": "nav",
    },
    "ref": null,
    "rendered": Array [
      Object {
        "instance": null,
        "key": "0",
        "nodeType": "function",
        "props": Object {
          "active": true,
          "children": "test",
          "tag": "li",
        },
        "ref": null,
        "rendered": "test",
        "type": [Function],
      },
    ],
    "type": [Function],
  },
  Symbol(enzyme.__nodes__): Array [
    Object {
      "instance": null,
      "key": undefined,
      "nodeType": "function",
      "props": Object {
        "aria-label": "breadcrumb",
        "children": Array [
          <BreadcrumbItem
            active={true}
            tag="li"
          >
            test
          </BreadcrumbItem>,
        ],
        "className": "breadcrumbs-wrapper",
        "listTag": "ol",
        "tag": "nav",
      },
      "ref": null,
      "rendered": Array [
        Object {
          "instance": null,
          "key": "0",
          "nodeType": "function",
          "props": Object {
            "active": true,
            "children": "test",
            "tag": "li",
          },
          "ref": null,
          "rendered": "test",
          "type": [Function],
        },
      ],
      "type": [Function],
    },
  ],
  Symbol(enzyme.__options__): Object {
    "adapter": ReactSixteenAdapter {
      "options": Object {
        "enableComponentDidUpdateOnSetState": true,
        "legacyContextMode": "parent",
        "lifecycles": Object {
          "componentDidUpdate": Object {
            "onSetState": true,
          },
          "getChildContext": Object {
            "calledByRenderer": false,
          },
          "getDerivedStateFromError": true,
          "getDerivedStateFromProps": Object {
            "hasShouldComponentUpdateBug": false,
          },
          "getSnapshotBeforeUpdate": true,
          "setState": Object {
            "skipsComponentDidUpdateOnNullish": true,
          },
        },
      },
    },
  },
}
`;
