// Jest Snapshot v1, https://goo.gl/fbAQLP

exports[`src/episodes-list/index.jsx <EpisodesList /> should render and match snapshot 1`] = `
ShallowWrapper {
  Symbol(enzyme.__root__): [Circular],
  Symbol(enzyme.__unrendered__): <EpisodesList
    episodes={
      Array [
        Object {
          "id": 1,
          "image": Object {
            "original": "Original.jpg",
          },
          "name": "Episode",
        },
      ]
    }
    showID="11"
  />,
  Symbol(enzyme.__renderer__): Object {
    "batchedUpdates": [Function],
    "checkPropTypes": [Function],
    "getNode": [Function],
    "render": [Function],
    "simulateError": [Function],
    "simulateEvent": [Function],
    "unmount": [Function],
  },
  Symbol(enzyme.__node__): Object {
    "instance": null,
    "key": undefined,
    "nodeType": "function",
    "props": Object {
      "children": Array [
        <ListGroupItem
          tag="li"
        >
          <Row
            tag="div"
          >
            <Col
              sm={4}
              tag="div"
              widths={
                Array [
                  "xs",
                  "sm",
                  "md",
                  "lg",
                  "xl",
                ]
              }
              xs={6}
            >
              <div
                className="d-flex j-between"
              >
                <span
                  className="episode-number"
                  title="Number"
                />
                <span
                  className="episode-release"
                  title="Date"
                />
              </div>
            </Col>
            <Col
              sm={8}
              tag="div"
              widths={
                Array [
                  "xs",
                  "sm",
                  "md",
                  "lg",
                  "xl",
                ]
              }
              xs={6}
            >
              <Link
                replace={false}
                title="Move to Episode Page"
                to="/shows/11/episodebynumber?number=undefined&season=undefined"
              >
                Episode
              </Link>
            </Col>
          </Row>
        </ListGroupItem>,
      ],
      "tag": "ul",
    },
    "ref": null,
    "rendered": Array [
      Object {
        "instance": null,
        "key": "1",
        "nodeType": "function",
        "props": Object {
          "children": <Row
            tag="div"
          >
            <Col
              sm={4}
              tag="div"
              widths={
                Array [
                  "xs",
                  "sm",
                  "md",
                  "lg",
                  "xl",
                ]
              }
              xs={6}
            >
              <div
                className="d-flex j-between"
              >
                <span
                  className="episode-number"
                  title="Number"
                />
                <span
                  className="episode-release"
                  title="Date"
                />
              </div>
            </Col>
            <Col
              sm={8}
              tag="div"
              widths={
                Array [
                  "xs",
                  "sm",
                  "md",
                  "lg",
                  "xl",
                ]
              }
              xs={6}
            >
              <Link
                replace={false}
                title="Move to Episode Page"
                to="/shows/11/episodebynumber?number=undefined&season=undefined"
              >
                Episode
              </Link>
            </Col>
          </Row>,
          "tag": "li",
        },
        "ref": null,
        "rendered": Object {
          "instance": null,
          "key": undefined,
          "nodeType": "function",
          "props": Object {
            "children": Array [
              <Col
                sm={4}
                tag="div"
                widths={
                  Array [
                    "xs",
                    "sm",
                    "md",
                    "lg",
                    "xl",
                  ]
                }
                xs={6}
              >
                <div
                  className="d-flex j-between"
                >
                  <span
                    className="episode-number"
                    title="Number"
                  />
                  <span
                    className="episode-release"
                    title="Date"
                  />
                </div>
              </Col>,
              <Col
                sm={8}
                tag="div"
                widths={
                  Array [
                    "xs",
                    "sm",
                    "md",
                    "lg",
                    "xl",
                  ]
                }
                xs={6}
              >
                <Link
                  replace={false}
                  title="Move to Episode Page"
                  to="/shows/11/episodebynumber?number=undefined&season=undefined"
                >
                  Episode
                </Link>
              </Col>,
            ],
            "tag": "div",
          },
          "ref": null,
          "rendered": Array [
            Object {
              "instance": null,
              "key": undefined,
              "nodeType": "function",
              "props": Object {
                "children": <div
                  className="d-flex j-between"
                >
                  <span
                    className="episode-number"
                    title="Number"
                  />
                  <span
                    className="episode-release"
                    title="Date"
                  />
                </div>,
                "sm": 4,
                "tag": "div",
                "widths": Array [
                  "xs",
                  "sm",
                  "md",
                  "lg",
                  "xl",
                ],
                "xs": 6,
              },
              "ref": null,
              "rendered": Object {
                "instance": null,
                "key": undefined,
                "nodeType": "host",
                "props": Object {
                  "children": Array [
                    <span
                      className="episode-number"
                      title="Number"
                    />,
                    <span
                      className="episode-release"
                      title="Date"
                    />,
                  ],
                  "className": "d-flex j-between",
                },
                "ref": null,
                "rendered": Array [
                  Object {
                    "instance": null,
                    "key": undefined,
                    "nodeType": "host",
                    "props": Object {
                      "children": undefined,
                      "className": "episode-number",
                      "title": "Number",
                    },
                    "ref": null,
                    "rendered": null,
                    "type": "span",
                  },
                  Object {
                    "instance": null,
                    "key": undefined,
                    "nodeType": "host",
                    "props": Object {
                      "children": undefined,
                      "className": "episode-release",
                      "title": "Date",
                    },
                    "ref": null,
                    "rendered": null,
                    "type": "span",
                  },
                ],
                "type": "div",
              },
              "type": [Function],
            },
            Object {
              "instance": null,
              "key": undefined,
              "nodeType": "function",
              "props": Object {
                "children": <Link
                  replace={false}
                  title="Move to Episode Page"
                  to="/shows/11/episodebynumber?number=undefined&season=undefined"
                >
                  Episode
                </Link>,
                "sm": 8,
                "tag": "div",
                "widths": Array [
                  "xs",
                  "sm",
                  "md",
                  "lg",
                  "xl",
                ],
                "xs": 6,
              },
              "ref": null,
              "rendered": Object {
                "instance": null,
                "key": undefined,
                "nodeType": "class",
                "props": Object {
                  "children": "Episode",
                  "replace": false,
                  "title": "Move to Episode Page",
                  "to": "/shows/11/episodebynumber?number=undefined&season=undefined",
                },
                "ref": null,
                "rendered": "Episode",
                "type": [Function],
              },
              "type": [Function],
            },
          ],
          "type": [Function],
        },
        "type": [Function],
      },
    ],
    "type": [Function],
  },
  Symbol(enzyme.__nodes__): Array [
    Object {
      "instance": null,
      "key": undefined,
      "nodeType": "function",
      "props": Object {
        "children": Array [
          <ListGroupItem
            tag="li"
          >
            <Row
              tag="div"
            >
              <Col
                sm={4}
                tag="div"
                widths={
                  Array [
                    "xs",
                    "sm",
                    "md",
                    "lg",
                    "xl",
                  ]
                }
                xs={6}
              >
                <div
                  className="d-flex j-between"
                >
                  <span
                    className="episode-number"
                    title="Number"
                  />
                  <span
                    className="episode-release"
                    title="Date"
                  />
                </div>
              </Col>
              <Col
                sm={8}
                tag="div"
                widths={
                  Array [
                    "xs",
                    "sm",
                    "md",
                    "lg",
                    "xl",
                  ]
                }
                xs={6}
              >
                <Link
                  replace={false}
                  title="Move to Episode Page"
                  to="/shows/11/episodebynumber?number=undefined&season=undefined"
                >
                  Episode
                </Link>
              </Col>
            </Row>
          </ListGroupItem>,
        ],
        "tag": "ul",
      },
      "ref": null,
      "rendered": Array [
        Object {
          "instance": null,
          "key": "1",
          "nodeType": "function",
          "props": Object {
            "children": <Row
              tag="div"
            >
              <Col
                sm={4}
                tag="div"
                widths={
                  Array [
                    "xs",
                    "sm",
                    "md",
                    "lg",
                    "xl",
                  ]
                }
                xs={6}
              >
                <div
                  className="d-flex j-between"
                >
                  <span
                    className="episode-number"
                    title="Number"
                  />
                  <span
                    className="episode-release"
                    title="Date"
                  />
                </div>
              </Col>
              <Col
                sm={8}
                tag="div"
                widths={
                  Array [
                    "xs",
                    "sm",
                    "md",
                    "lg",
                    "xl",
                  ]
                }
                xs={6}
              >
                <Link
                  replace={false}
                  title="Move to Episode Page"
                  to="/shows/11/episodebynumber?number=undefined&season=undefined"
                >
                  Episode
                </Link>
              </Col>
            </Row>,
            "tag": "li",
          },
          "ref": null,
          "rendered": Object {
            "instance": null,
            "key": undefined,
            "nodeType": "function",
            "props": Object {
              "children": Array [
                <Col
                  sm={4}
                  tag="div"
                  widths={
                    Array [
                      "xs",
                      "sm",
                      "md",
                      "lg",
                      "xl",
                    ]
                  }
                  xs={6}
                >
                  <div
                    className="d-flex j-between"
                  >
                    <span
                      className="episode-number"
                      title="Number"
                    />
                    <span
                      className="episode-release"
                      title="Date"
                    />
                  </div>
                </Col>,
                <Col
                  sm={8}
                  tag="div"
                  widths={
                    Array [
                      "xs",
                      "sm",
                      "md",
                      "lg",
                      "xl",
                    ]
                  }
                  xs={6}
                >
                  <Link
                    replace={false}
                    title="Move to Episode Page"
                    to="/shows/11/episodebynumber?number=undefined&season=undefined"
                  >
                    Episode
                  </Link>
                </Col>,
              ],
              "tag": "div",
            },
            "ref": null,
            "rendered": Array [
              Object {
                "instance": null,
                "key": undefined,
                "nodeType": "function",
                "props": Object {
                  "children": <div
                    className="d-flex j-between"
                  >
                    <span
                      className="episode-number"
                      title="Number"
                    />
                    <span
                      className="episode-release"
                      title="Date"
                    />
                  </div>,
                  "sm": 4,
                  "tag": "div",
                  "widths": Array [
                    "xs",
                    "sm",
                    "md",
                    "lg",
                    "xl",
                  ],
                  "xs": 6,
                },
                "ref": null,
                "rendered": Object {
                  "instance": null,
                  "key": undefined,
                  "nodeType": "host",
                  "props": Object {
                    "children": Array [
                      <span
                        className="episode-number"
                        title="Number"
                      />,
                      <span
                        className="episode-release"
                        title="Date"
                      />,
                    ],
                    "className": "d-flex j-between",
                  },
                  "ref": null,
                  "rendered": Array [
                    Object {
                      "instance": null,
                      "key": undefined,
                      "nodeType": "host",
                      "props": Object {
                        "children": undefined,
                        "className": "episode-number",
                        "title": "Number",
                      },
                      "ref": null,
                      "rendered": null,
                      "type": "span",
                    },
                    Object {
                      "instance": null,
                      "key": undefined,
                      "nodeType": "host",
                      "props": Object {
                        "children": undefined,
                        "className": "episode-release",
                        "title": "Date",
                      },
                      "ref": null,
                      "rendered": null,
                      "type": "span",
                    },
                  ],
                  "type": "div",
                },
                "type": [Function],
              },
              Object {
                "instance": null,
                "key": undefined,
                "nodeType": "function",
                "props": Object {
                  "children": <Link
                    replace={false}
                    title="Move to Episode Page"
                    to="/shows/11/episodebynumber?number=undefined&season=undefined"
                  >
                    Episode
                  </Link>,
                  "sm": 8,
                  "tag": "div",
                  "widths": Array [
                    "xs",
                    "sm",
                    "md",
                    "lg",
                    "xl",
                  ],
                  "xs": 6,
                },
                "ref": null,
                "rendered": Object {
                  "instance": null,
                  "key": undefined,
                  "nodeType": "class",
                  "props": Object {
                    "children": "Episode",
                    "replace": false,
                    "title": "Move to Episode Page",
                    "to": "/shows/11/episodebynumber?number=undefined&season=undefined",
                  },
                  "ref": null,
                  "rendered": "Episode",
                  "type": [Function],
                },
                "type": [Function],
              },
            ],
            "type": [Function],
          },
          "type": [Function],
        },
      ],
      "type": [Function],
    },
  ],
  Symbol(enzyme.__options__): Object {
    "adapter": ReactSixteenAdapter {
      "options": Object {
        "enableComponentDidUpdateOnSetState": true,
        "legacyContextMode": "parent",
        "lifecycles": Object {
          "componentDidUpdate": Object {
            "onSetState": true,
          },
          "getChildContext": Object {
            "calledByRenderer": false,
          },
          "getDerivedStateFromError": true,
          "getDerivedStateFromProps": Object {
            "hasShouldComponentUpdateBug": false,
          },
          "getSnapshotBeforeUpdate": true,
          "setState": Object {
            "skipsComponentDidUpdateOnNullish": true,
          },
        },
      },
    },
  },
}
`;
